// Jest Snapshot v1, https://goo.gl/fbAQLP

exports[`<Header /> should match snapshot 1`] = `
.c2 {
  color: #000000;
  line-height: 1.2;
  font-size: 2.4rem;
  text-transform: uppercase;
}

.c5 {
  color: #000000;
  line-height: 1.2;
  font-size: 2.4rem;
  text-transform: none;
}

.c3 {
  display: -webkit-box;
  display: -webkit-flex;
  display: -ms-flexbox;
  display: flex;
  -webkit-align-items: center;
  -webkit-box-align: center;
  -ms-flex-align: center;
  align-items: center;
  -webkit-text-decoration: none;
  text-decoration: none;
  color: inherit;
  -webkit-text-decoration: none;
  text-decoration: none;
}

.c3 > img {
  width: 15rem;
  height: 15rem;
  border-radius: 50%;
}

.c0 {
  display: -webkit-box;
  display: -webkit-flex;
  display: -ms-flexbox;
  display: flex;
  -webkit-box-pack: center;
  -webkit-justify-content: center;
  -ms-flex-pack: center;
  justify-content: center;
  -webkit-align-items: center;
  -webkit-box-align: center;
  -ms-flex-align: center;
  align-items: center;
  padding: 0 0 3.2rem 0;
  width: 100%;
  max-width: 96rem;
  color: #333333;
  font-size: 1.6rem;
  margin: 0 auto;
}

.c0 .c1 {
  margin: 0 0 calc(1.6rem - 1rem);
}

.c4 {
  display: -webkit-box;
  display: -webkit-flex;
  display: -ms-flexbox;
  display: flex;
  -webkit-flex-flow: column wrap;
  -ms-flex-flow: column wrap;
  flex-flow: column wrap;
  margin-left: 2.4rem;
  margin-right: 2.4rem;
  max-width: 48rem;
}

@media (max-width:550px) {
  .c0 {
    -webkit-flex-flow: column wrap;
    -ms-flex-flow: column wrap;
    flex-flow: column wrap;
    text-align: center;
  }

  .c0 > div .c1 {
    margin: 1.6rem 0 calc(.8rem - 1rem);
  }
}

<div>
  <header
    class="c0"
  >
    <h1
      class="c1 c2"
    >
      <a
        class="c3"
        href="/"
        target="_self"
      >
        <img
          alt="Blog do Arroz é vida! - Rice is a cereal grain and in its domesticated form is the staple food of over half of the world's population, particularly in Asia and Africa. Rice is the seed of the grass species Oryza sativa."
          src="/assets/images/logo.svg"
        />
      </a>
    </h1>
    <div
      class="c4"
    >
      <h2
        class="c1 c5"
      >
        Blog do Arroz é vida!
      </h2>
      <p>
        Rice is a cereal grain and in its domesticated form is the staple food of over half of the world's population, particularly in Asia and Africa. Rice is the seed of the grass species Oryza sativa.
      </p>
    </div>
  </header>
</div>
`;
