// Jest Snapshot v1, https://goo.gl/fbAQLP

exports[`<ArticleHeader /> should match snapshot 1`] = `
.c5 {
  font-size: 1.6rem;
  color: #AAAAAA;
  font-style: italic;
}

.c5 .categories span::after {
  content: ', ';
}

.c5 .categories span:last-child:after {
  content: '';
}

.c5 a {
  color: #DC143C;
  -webkit-text-decoration: none;
  text-decoration: none;
  -webkit-transition: all 300ms ease-in-out;
  transition: all 300ms ease-in-out;
}

.c5 a:hover {
  -webkit-filter: brightness(50%);
  filter: brightness(50%);
}

.c2 {
  color: #000000;
  line-height: 1.2;
  font-size: 6.4rem;
  text-transform: none;
}

.c0 {
  padding-bottom: 4.0rem;
  margin-bottom: 4.0rem;
  border-bottom: 0.1rem solid #DDDDDD;
}

.c0 .c1 {
  font-size: 4.8rem;
  margin: 0;
  margin-bottom: 2.4rem;
}

.c3 {
  font-size: 2.4rem;
  margin: 2.4rem 0;
}

.c4 {
  max-width: 100%;
  display: block;
  margin-bottom: 2.4rem;
}

@media (max-width:768px) {
  .c2 {
    font-size: 4.0rem;
  }
}

@media (max-width:768px) {
  .c0 .c1 {
    font-size: 3.2rem;
  }
}

@media (max-width:768px) {
  .c3 {
    font-size: 2rem;
  }
}

<header
  class="c0"
>
  <h2
    class="c1 c2"
  >
    Hello, rice! With rice is possible make a several delicious dishes
  </h2>
  <p
    class="c3"
  >
    Rice is a cereal grain and in its domesticated form is the staple food of over half of the world's population, particularly in Asia and Africa. Rice is the seed of the grass species Oryza sativa (Asian rice).
  </p>
  <img
    alt="Rice is a cereal grain and in its domesticated form is the staple food of over half of the world's population, particularly in Asia and Africa. Rice is the seed of the grass species Oryza sativa (Asian rice)."
    class="c4"
    src="/assets/images/arroz-branco-saudavel.webp"
  />
  <div
    class="c5"
  >
    <p>
      <span>
        Por 
      </span>
      <a
        href="/author/surfista"
      >
        surfista
      </a>
      <span
        class="separator"
      >
         | 
      </span>
      <time
        datetime="2025-02-13T11:41:13.991Z"
      >
        13 de fev. de 2025
      </time>
      <span
        class="separator"
      >
         | 
      </span>
      <span
        class="categories"
      >
        <span>
          <a
            href="/category/off-topic"
          >
            Off Topic
          </a>
        </span>
        <span>
          <a
            href="/category/tech"
          >
            tech
          </a>
        </span>
      </span>
    </p>
  </div>
</header>
`;
